Execu├º├úo de teste para C:\repo\leaf-ecommerce\backend\tests\EcommerceApi.Tests\bin\Debug\net10.0\EcommerceApi.Tests.dll (.NETCoreApp,Version=v10.0)
Vers├úo do VSTest 18.0.1 (x64)

Iniciando execu├º├úo de teste, espere...
1 arquivos de teste no total corresponderam ao padr├úo especificado.

Aprovado!  ÔÇô Com falha:     0, Aprovado:    57, Ignorado:     0, Total:    57, Dura├º├úo: 1 s - EcommerceApi.Tests.dll (net10.0)
